<?xml version="1.0"?>
<link_info>
   <banner>TI ARM Linker PC v16.9.4.LTS</banner>
   <copyright>Copyright (c) 1996-2017 Texas Instruments Incorporated</copyright>
   <link_time>0x5af4e31b</link_time>
   <link_errors>0x0</link_errors>
   <output_file>epaper_basic.out</output_file>
   <entry_point>
      <name>_c_int00</name>
      <address>0x31bd</address>
   </entry_point>
   <input_file_list>
      <input_file id="fl-2">
         <path>.\</path>
         <kind>object</kind>
         <file>main.obj</file>
         <name>main.obj</name>
      </input_file>
      <input_file id="fl-3">
         <path>.\</path>
         <kind>object</kind>
         <file>startup_msp432p401r_ccs.obj</file>
         <name>startup_msp432p401r_ccs.obj</name>
      </input_file>
      <input_file id="fl-4">
         <path>.\</path>
         <kind>object</kind>
         <file>system_msp432p401r.obj</file>
         <name>system_msp432p401r.obj</name>
      </input_file>
      <input_file id="fl-8">
         <kind>object</kind>
         <file>&lt;internal&gt;</file>
         <name>&lt;internal&gt;</name>
      </input_file>
      <input_file id="fl-be">
         <path>C:\ti\ccsv7\tools\compiler\ti-cgt-arm_16.9.4.LTS\lib\</path>
         <kind>archive</kind>
         <file>rtsv7M4_T_le_v4SPD16_eabi.lib</file>
         <name>boot.obj</name>
      </input_file>
      <input_file id="fl-bf">
         <path>C:\ti\ccsv7\tools\compiler\ti-cgt-arm_16.9.4.LTS\lib\</path>
         <kind>archive</kind>
         <file>rtsv7M4_T_le_v4SPD16_eabi.lib</file>
         <name>copy_decompress_lzss.obj</name>
      </input_file>
      <input_file id="fl-c0">
         <path>C:\ti\ccsv7\tools\compiler\ti-cgt-arm_16.9.4.LTS\lib\</path>
         <kind>archive</kind>
         <file>rtsv7M4_T_le_v4SPD16_eabi.lib</file>
         <name>copy_decompress_none.obj</name>
      </input_file>
      <input_file id="fl-c1">
         <path>C:\ti\ccsv7\tools\compiler\ti-cgt-arm_16.9.4.LTS\lib\</path>
         <kind>archive</kind>
         <file>rtsv7M4_T_le_v4SPD16_eabi.lib</file>
         <name>copy_zero_init.obj</name>
      </input_file>
      <input_file id="fl-c2">
         <path>C:\ti\ccsv7\tools\compiler\ti-cgt-arm_16.9.4.LTS\lib\</path>
         <kind>archive</kind>
         <file>rtsv7M4_T_le_v4SPD16_eabi.lib</file>
         <name>exit.obj</name>
      </input_file>
      <input_file id="fl-c3">
         <path>C:\ti\ccsv7\tools\compiler\ti-cgt-arm_16.9.4.LTS\lib\</path>
         <kind>archive</kind>
         <file>rtsv7M4_T_le_v4SPD16_eabi.lib</file>
         <name>memcpy_t2.obj</name>
      </input_file>
      <input_file id="fl-c4">
         <path>C:\ti\ccsv7\tools\compiler\ti-cgt-arm_16.9.4.LTS\lib\</path>
         <kind>archive</kind>
         <file>rtsv7M4_T_le_v4SPD16_eabi.lib</file>
         <name>memset_t2.obj</name>
      </input_file>
      <input_file id="fl-c5">
         <path>C:\ti\ccsv7\tools\compiler\ti-cgt-arm_16.9.4.LTS\lib\</path>
         <kind>archive</kind>
         <file>rtsv7M4_T_le_v4SPD16_eabi.lib</file>
         <name>mpu_init.obj</name>
      </input_file>
      <input_file id="fl-c6">
         <path>C:\ti\ccsv7\tools\compiler\ti-cgt-arm_16.9.4.LTS\lib\</path>
         <kind>archive</kind>
         <file>rtsv7M4_T_le_v4SPD16_eabi.lib</file>
         <name>pre_init.obj</name>
      </input_file>
      <input_file id="fl-c7">
         <path>C:\ti\ccsv7\tools\compiler\ti-cgt-arm_16.9.4.LTS\lib\</path>
         <kind>archive</kind>
         <file>rtsv7M4_T_le_v4SPD16_eabi.lib</file>
         <name>stkdepth_vars.obj</name>
      </input_file>
      <input_file id="fl-c8">
         <path>C:\ti\ccsv7\tools\compiler\ti-cgt-arm_16.9.4.LTS\lib\</path>
         <kind>archive</kind>
         <file>rtsv7M4_T_le_v4SPD16_eabi.lib</file>
         <name>_lock.obj</name>
      </input_file>
      <input_file id="fl-c9">
         <path>C:\ti\ccsv7\tools\compiler\ti-cgt-arm_16.9.4.LTS\lib\</path>
         <kind>archive</kind>
         <file>rtsv7M4_T_le_v4SPD16_eabi.lib</file>
         <name>args_main.obj</name>
      </input_file>
      <input_file id="fl-ca">
         <path>C:\ti\ccsv7\tools\compiler\ti-cgt-arm_16.9.4.LTS\lib\</path>
         <kind>archive</kind>
         <file>rtsv7M4_T_le_v4SPD16_eabi.lib</file>
         <name>autoinit.obj</name>
      </input_file>
      <input_file id="fl-cb">
         <path>C:\ti\ccsv7\tools\compiler\ti-cgt-arm_16.9.4.LTS\lib\</path>
         <kind>archive</kind>
         <file>rtsv7M4_T_le_v4SPD16_eabi.lib</file>
         <name>cpy_tbl.obj</name>
      </input_file>
      <input_file id="fl-cc">
         <path>C:\ti\ccsv7\tools\compiler\ti-cgt-arm_16.9.4.LTS\lib\</path>
         <kind>archive</kind>
         <file>rtsv7M4_T_le_v4SPD16_eabi.lib</file>
         <name>startup.obj</name>
      </input_file>
   </input_file_list>
   <object_component_list>
      <object_component id="oc-2c">
         <name>.intvecs:retain</name>
         <load_address>0x0</load_address>
         <run_address>0x0</run_address>
         <size>0xe4</size>
         <input_file_ref idref="fl-3"/>
      </object_component>
      <object_component id="oc-7b">
         <name>.text</name>
         <load_address>0x2814</load_address>
         <run_address>0x2814</run_address>
         <size>0x508</size>
         <input_file_ref idref="fl-2"/>
      </object_component>
      <object_component id="oc-b7">
         <name>.text</name>
         <load_address>0x2d1c</load_address>
         <run_address>0x2d1c</run_address>
         <size>0x32c</size>
         <input_file_ref idref="fl-4"/>
      </object_component>
      <object_component id="oc-3b">
         <name>.text</name>
         <load_address>0x3048</load_address>
         <run_address>0x3048</run_address>
         <size>0x9c</size>
         <input_file_ref idref="fl-c3"/>
      </object_component>
      <object_component id="oc-5f">
         <name>.text</name>
         <load_address>0x30e4</load_address>
         <run_address>0x30e4</run_address>
         <size>0x70</size>
         <input_file_ref idref="fl-ca"/>
      </object_component>
      <object_component id="oc-14">
         <name>.text:decompress:lzss</name>
         <load_address>0x3154</load_address>
         <run_address>0x3154</run_address>
         <size>0x68</size>
         <input_file_ref idref="fl-bf"/>
      </object_component>
      <object_component id="oc-26">
         <name>.text</name>
         <load_address>0x31bc</load_address>
         <run_address>0x31bc</run_address>
         <size>0x54</size>
         <input_file_ref idref="fl-be"/>
      </object_component>
      <object_component id="oc-6b">
         <name>.text</name>
         <load_address>0x3210</load_address>
         <run_address>0x3210</run_address>
         <size>0x54</size>
         <input_file_ref idref="fl-c2"/>
      </object_component>
      <object_component id="oc-9c">
         <name>.text</name>
         <load_address>0x3264</load_address>
         <run_address>0x3264</run_address>
         <size>0x4c</size>
         <input_file_ref idref="fl-cb"/>
      </object_component>
      <object_component id="oc-65">
         <name>.text</name>
         <load_address>0x32b0</load_address>
         <run_address>0x32b0</run_address>
         <size>0x18</size>
         <input_file_ref idref="fl-c9"/>
      </object_component>
      <object_component id="oc-ef">
         <name>.text</name>
         <load_address>0x32c8</load_address>
         <run_address>0x32c8</run_address>
         <size>0x14</size>
         <input_file_ref idref="fl-c8"/>
      </object_component>
      <object_component id="oc-1a">
         <name>.text:decompress:none</name>
         <load_address>0x32dc</load_address>
         <run_address>0x32dc</run_address>
         <size>0xe</size>
         <input_file_ref idref="fl-c0"/>
      </object_component>
      <object_component id="oc-75">
         <name>.text</name>
         <load_address>0x32ea</load_address>
         <run_address>0x32ea</run_address>
         <size>0xe</size>
         <input_file_ref idref="fl-3"/>
      </object_component>
      <object_component id="oc-59">
         <name>.text</name>
         <load_address>0x32f8</load_address>
         <run_address>0x32f8</run_address>
         <size>0x4</size>
         <input_file_ref idref="fl-c6"/>
      </object_component>
      <object_component id="oc-53">
         <name>.text</name>
         <load_address>0x32fc</load_address>
         <run_address>0x32fc</run_address>
         <size>0x2</size>
         <input_file_ref idref="fl-c5"/>
      </object_component>
      <object_component id="oc-a2">
         <name>.text</name>
         <load_address>0x32fe</load_address>
         <run_address>0x32fe</run_address>
         <size>0x2</size>
         <input_file_ref idref="fl-cc"/>
      </object_component>
      <object_component id="oc-be">
         <name>.const:.string:alarm_a</name>
         <load_address>0xe4</load_address>
         <run_address>0xe4</run_address>
         <size>0x1388</size>
         <input_file_ref idref="fl-2"/>
      </object_component>
      <object_component id="oc-c1">
         <name>.const:.string:alarm_b</name>
         <load_address>0x146c</load_address>
         <run_address>0x146c</run_address>
         <size>0x1388</size>
         <input_file_ref idref="fl-2"/>
      </object_component>
      <object_component id="oc-c4">
         <name>.const:.string:lut_full_update</name>
         <load_address>0x27f4</load_address>
         <run_address>0x27f4</run_address>
         <size>0x1e</size>
         <input_file_ref idref="fl-2"/>
      </object_component>
      <object_component id="oc-144">
         <name>.cinit..data.load</name>
         <load_address>0x3300</load_address>
         <run_address>0x3300</run_address>
         <size>0x15</size>
      </object_component>
      <object_component id="oc-142">
         <name>__TI_handler_table</name>
         <load_address>0x3318</load_address>
         <run_address>0x3318</run_address>
         <size>0x8</size>
      </object_component>
      <object_component id="oc-143">
         <name>__TI_cinit_table</name>
         <load_address>0x3320</load_address>
         <run_address>0x3320</run_address>
         <size>0x8</size>
      </object_component>
      <object_component id="oc-11f">
         <name>.binit</name>
         <load_address>0x0</load_address>
         <run_address>0x0</run_address>
         <size>0x0</size>
      </object_component>
      <object_component id="oc-fb">
         <name>.data</name>
         <load_address>0x20000018</load_address>
         <run_address>0x20000018</run_address>
         <size>0x4</size>
         <input_file_ref idref="fl-4"/>
      </object_component>
      <object_component id="oc-ac">
         <name>.data:$O1$$</name>
         <load_address>0x20000000</load_address>
         <run_address>0x20000000</run_address>
         <size>0xc</size>
         <input_file_ref idref="fl-c2"/>
      </object_component>
      <object_component id="oc-71">
         <name>.data</name>
         <load_address>0x20000014</load_address>
         <run_address>0x20000014</run_address>
         <size>0x4</size>
         <input_file_ref idref="fl-c7"/>
      </object_component>
      <object_component id="oc-af">
         <name>.data:$O1$$</name>
         <load_address>0x2000000c</load_address>
         <run_address>0x2000000c</run_address>
         <size>0x8</size>
         <input_file_ref idref="fl-c8"/>
      </object_component>
      <object_component id="oc-2f">
         <name>.stack</name>
         <uninitialized>true</uninitialized>
         <run_address>0x2000fe00</run_address>
         <size>0x0</size>
         <input_file_ref idref="fl-be"/>
      </object_component>
      <object_component id="oc-145">
         <name>.stack</name>
         <uninitialized>true</uninitialized>
         <run_address>0x2000fe00</run_address>
         <size>0x0</size>
      </object_component>
      <object_component id="oc-cd">
         <name>.debug_info</name>
         <load_address>0x0</load_address>
         <run_address>0x0</run_address>
         <size>0x543</size>
         <input_file_ref idref="fl-2"/>
      </object_component>
      <object_component id="oc-c5">
         <name>.debug_info</name>
         <load_address>0x543</load_address>
         <run_address>0x543</run_address>
         <size>0xc4</size>
         <input_file_ref idref="fl-2"/>
      </object_component>
      <object_component id="oc-bf">
         <name>.debug_info</name>
         <load_address>0x607</load_address>
         <run_address>0x607</run_address>
         <size>0xb4</size>
         <input_file_ref idref="fl-2"/>
      </object_component>
      <object_component id="oc-c2">
         <name>.debug_info</name>
         <load_address>0x6bb</load_address>
         <run_address>0x6bb</run_address>
         <size>0xb5</size>
         <input_file_ref idref="fl-2"/>
      </object_component>
      <object_component id="oc-7c">
         <name>.debug_info</name>
         <load_address>0x770</load_address>
         <run_address>0x770</run_address>
         <size>0xb4f</size>
         <input_file_ref idref="fl-2"/>
      </object_component>
      <object_component id="oc-107">
         <name>.debug_info</name>
         <load_address>0x12bf</load_address>
         <run_address>0x12bf</run_address>
         <size>0x1055</size>
         <input_file_ref idref="fl-2"/>
      </object_component>
      <object_component id="oc-ce">
         <name>.debug_info</name>
         <load_address>0x2314</load_address>
         <run_address>0x2314</run_address>
         <size>0x37cd</size>
         <input_file_ref idref="fl-2"/>
      </object_component>
      <object_component id="oc-36">
         <name>.debug_info</name>
         <load_address>0x5ae1</load_address>
         <run_address>0x5ae1</run_address>
         <size>0x84</size>
         <input_file_ref idref="fl-2"/>
      </object_component>
      <object_component id="oc-c8">
         <name>.debug_info</name>
         <load_address>0x5b65</load_address>
         <run_address>0x5b65</run_address>
         <size>0x18b</size>
         <input_file_ref idref="fl-2"/>
      </object_component>
      <object_component id="oc-83">
         <name>.debug_info</name>
         <load_address>0x5cf0</load_address>
         <run_address>0x5cf0</run_address>
         <size>0x29b</size>
         <input_file_ref idref="fl-3"/>
      </object_component>
      <object_component id="oc-2d">
         <name>.debug_info</name>
         <load_address>0x5f8b</load_address>
         <run_address>0x5f8b</run_address>
         <size>0xd9</size>
         <input_file_ref idref="fl-3"/>
      </object_component>
      <object_component id="oc-76">
         <name>.debug_info</name>
         <load_address>0x6064</load_address>
         <run_address>0x6064</run_address>
         <size>0x1a0</size>
         <input_file_ref idref="fl-3"/>
      </object_component>
      <object_component id="oc-fc">
         <name>.debug_info</name>
         <load_address>0x6204</load_address>
         <run_address>0x6204</run_address>
         <size>0xd2</size>
         <input_file_ref idref="fl-4"/>
      </object_component>
      <object_component id="oc-b8">
         <name>.debug_info</name>
         <load_address>0x62d6</load_address>
         <run_address>0x62d6</run_address>
         <size>0x244</size>
         <input_file_ref idref="fl-4"/>
      </object_component>
      <object_component id="oc-28">
         <name>.debug_info</name>
         <load_address>0x651a</load_address>
         <run_address>0x651a</run_address>
         <size>0x160</size>
         <input_file_ref idref="fl-be"/>
      </object_component>
      <object_component id="oc-89">
         <name>.debug_info</name>
         <load_address>0x667a</load_address>
         <run_address>0x667a</run_address>
         <size>0x293</size>
         <input_file_ref idref="fl-bf"/>
      </object_component>
      <object_component id="oc-18">
         <name>.debug_info</name>
         <load_address>0x690d</load_address>
         <run_address>0x690d</run_address>
         <size>0x245</size>
         <input_file_ref idref="fl-bf"/>
      </object_component>
      <object_component id="oc-31">
         <name>.debug_info</name>
         <load_address>0x6b52</load_address>
         <run_address>0x6b52</run_address>
         <size>0x60</size>
         <input_file_ref idref="fl-bf"/>
      </object_component>
      <object_component id="oc-84">
         <name>.debug_info</name>
         <load_address>0x6bb2</load_address>
         <run_address>0x6bb2</run_address>
         <size>0x46</size>
         <input_file_ref idref="fl-bf"/>
      </object_component>
      <object_component id="oc-46">
         <name>.debug_info</name>
         <load_address>0x6bf8</load_address>
         <run_address>0x6bf8</run_address>
         <size>0x2da</size>
         <input_file_ref idref="fl-c0"/>
      </object_component>
      <object_component id="oc-1d">
         <name>.debug_info</name>
         <load_address>0x6ed2</load_address>
         <run_address>0x6ed2</run_address>
         <size>0x1df</size>
         <input_file_ref idref="fl-c0"/>
      </object_component>
      <object_component id="oc-41">
         <name>.debug_info</name>
         <load_address>0x70b1</load_address>
         <run_address>0x70b1</run_address>
         <size>0x46</size>
         <input_file_ref idref="fl-c0"/>
      </object_component>
      <object_component id="oc-8b">
         <name>.debug_info</name>
         <load_address>0x70f7</load_address>
         <run_address>0x70f7</run_address>
         <size>0x2c</size>
         <input_file_ref idref="fl-c0"/>
      </object_component>
      <object_component id="oc-93">
         <name>.debug_info</name>
         <load_address>0x7123</load_address>
         <run_address>0x7123</run_address>
         <size>0x2c</size>
         <input_file_ref idref="fl-c1"/>
      </object_component>
      <object_component id="oc-b3">
         <name>.debug_info</name>
         <load_address>0x714f</load_address>
         <run_address>0x714f</run_address>
         <size>0x3ce</size>
         <input_file_ref idref="fl-c2"/>
      </object_component>
      <object_component id="oc-ad">
         <name>.debug_info</name>
         <load_address>0x751d</load_address>
         <run_address>0x751d</run_address>
         <size>0x185</size>
         <input_file_ref idref="fl-c2"/>
      </object_component>
      <object_component id="oc-6c">
         <name>.debug_info</name>
         <load_address>0x76a2</load_address>
         <run_address>0x76a2</run_address>
         <size>0x214</size>
         <input_file_ref idref="fl-c2"/>
      </object_component>
      <object_component id="oc-3c">
         <name>.debug_info</name>
         <load_address>0x78b6</load_address>
         <run_address>0x78b6</run_address>
         <size>0x111</size>
         <input_file_ref idref="fl-c3"/>
      </object_component>
      <object_component id="oc-54">
         <name>.debug_info</name>
         <load_address>0x79c7</load_address>
         <run_address>0x79c7</run_address>
         <size>0x138</size>
         <input_file_ref idref="fl-c5"/>
      </object_component>
      <object_component id="oc-5a">
         <name>.debug_info</name>
         <load_address>0x7aff</load_address>
         <run_address>0x7aff</run_address>
         <size>0x148</size>
         <input_file_ref idref="fl-c6"/>
      </object_component>
      <object_component id="oc-72">
         <name>.debug_info</name>
         <load_address>0x7c47</load_address>
         <run_address>0x7c47</run_address>
         <size>0x109</size>
         <input_file_ref idref="fl-c7"/>
      </object_component>
      <object_component id="oc-f7">
         <name>.debug_info</name>
         <load_address>0x7d50</load_address>
         <run_address>0x7d50</run_address>
         <size>0x2be</size>
         <input_file_ref idref="fl-c8"/>
      </object_component>
      <object_component id="oc-b0">
         <name>.debug_info</name>
         <load_address>0x800e</load_address>
         <run_address>0x800e</run_address>
         <size>0x113</size>
         <input_file_ref idref="fl-c8"/>
      </object_component>
      <object_component id="oc-f1">
         <name>.debug_info</name>
         <load_address>0x8121</load_address>
         <run_address>0x8121</run_address>
         <size>0x21f</size>
         <input_file_ref idref="fl-c8"/>
      </object_component>
      <object_component id="oc-ab">
         <name>.debug_info</name>
         <load_address>0x8340</load_address>
         <run_address>0x8340</run_address>
         <size>0x300</size>
         <input_file_ref idref="fl-c9"/>
      </object_component>
      <object_component id="oc-66">
         <name>.debug_info</name>
         <load_address>0x8640</load_address>
         <run_address>0x8640</run_address>
         <size>0x167</size>
         <input_file_ref idref="fl-c9"/>
      </object_component>
      <object_component id="oc-e8">
         <name>.debug_info</name>
         <load_address>0x87a7</load_address>
         <run_address>0x87a7</run_address>
         <size>0x5e</size>
         <input_file_ref idref="fl-c9"/>
      </object_component>
      <object_component id="oc-a9">
         <name>.debug_info</name>
         <load_address>0x8805</load_address>
         <run_address>0x8805</run_address>
         <size>0x483</size>
         <input_file_ref idref="fl-ca"/>
      </object_component>
      <object_component id="oc-60">
         <name>.debug_info</name>
         <load_address>0x8c88</load_address>
         <run_address>0x8c88</run_address>
         <size>0x190</size>
         <input_file_ref idref="fl-ca"/>
      </object_component>
      <object_component id="oc-dc">
         <name>.debug_info</name>
         <load_address>0x8e18</load_address>
         <run_address>0x8e18</run_address>
         <size>0x39</size>
         <input_file_ref idref="fl-ca"/>
      </object_component>
      <object_component id="oc-113">
         <name>.debug_info</name>
         <load_address>0x8e51</load_address>
         <run_address>0x8e51</run_address>
         <size>0x39</size>
         <input_file_ref idref="fl-ca"/>
      </object_component>
      <object_component id="oc-e1">
         <name>.debug_info</name>
         <load_address>0x8e8a</load_address>
         <run_address>0x8e8a</run_address>
         <size>0xcd</size>
         <input_file_ref idref="fl-ca"/>
      </object_component>
      <object_component id="oc-d8">
         <name>.debug_info</name>
         <load_address>0x8f57</load_address>
         <run_address>0x8f57</run_address>
         <size>0x37a</size>
         <input_file_ref idref="fl-cb"/>
      </object_component>
      <object_component id="oc-9d">
         <name>.debug_info</name>
         <load_address>0x92d1</load_address>
         <run_address>0x92d1</run_address>
         <size>0x183</size>
         <input_file_ref idref="fl-cb"/>
      </object_component>
      <object_component id="oc-10e">
         <name>.debug_info</name>
         <load_address>0x9454</load_address>
         <run_address>0x9454</run_address>
         <size>0x2c</size>
         <input_file_ref idref="fl-cb"/>
      </object_component>
      <object_component id="oc-a5">
         <name>.debug_info</name>
         <load_address>0x9480</load_address>
         <run_address>0x9480</run_address>
         <size>0x145</size>
         <input_file_ref idref="fl-cc"/>
      </object_component>
      <object_component id="oc-146">
         <name>.debug_info</name>
         <load_address>0x95c5</load_address>
         <run_address>0x95c5</run_address>
         <size>0x88</size>
      </object_component>
      <object_component id="oc-106">
         <name>.debug_line</name>
         <load_address>0x0</load_address>
         <run_address>0x0</run_address>
         <size>0x20</size>
         <input_file_ref idref="fl-2"/>
      </object_component>
      <object_component id="oc-104">
         <name>.debug_line</name>
         <load_address>0x20</load_address>
         <run_address>0x20</run_address>
         <size>0x2f</size>
         <input_file_ref idref="fl-2"/>
      </object_component>
      <object_component id="oc-100">
         <name>.debug_line</name>
         <load_address>0x4f</load_address>
         <run_address>0x4f</run_address>
         <size>0x2f</size>
         <input_file_ref idref="fl-2"/>
      </object_component>
      <object_component id="oc-102">
         <name>.debug_line</name>
         <load_address>0x7e</load_address>
         <run_address>0x7e</run_address>
         <size>0x2f</size>
         <input_file_ref idref="fl-2"/>
      </object_component>
      <object_component id="oc-7f">
         <name>.debug_line</name>
         <load_address>0xad</load_address>
         <run_address>0xad</run_address>
         <size>0x2c3</size>
         <input_file_ref idref="fl-2"/>
      </object_component>
      <object_component id="oc-10a">
         <name>.debug_line</name>
         <load_address>0x370</load_address>
         <run_address>0x370</run_address>
         <size>0x55</size>
         <input_file_ref idref="fl-2"/>
      </object_component>
      <object_component id="oc-d1">
         <name>.debug_line</name>
         <load_address>0x3c5</load_address>
         <run_address>0x3c5</run_address>
         <size>0x52</size>
         <input_file_ref idref="fl-2"/>
      </object_component>
      <object_component id="oc-39">
         <name>.debug_line</name>
         <load_address>0x417</load_address>
         <run_address>0x417</run_address>
         <size>0x20</size>
         <input_file_ref idref="fl-2"/>
      </object_component>
      <object_component id="oc-cb">
         <name>.debug_line</name>
         <load_address>0x437</load_address>
         <run_address>0x437</run_address>
         <size>0x65</size>
         <input_file_ref idref="fl-2"/>
      </object_component>
      <object_component id="oc-d4">
         <name>.debug_line</name>
         <load_address>0x49c</load_address>
         <run_address>0x49c</run_address>
         <size>0x40</size>
         <input_file_ref idref="fl-3"/>
      </object_component>
      <object_component id="oc-82">
         <name>.debug_line</name>
         <load_address>0x4dc</load_address>
         <run_address>0x4dc</run_address>
         <size>0x40</size>
         <input_file_ref idref="fl-3"/>
      </object_component>
      <object_component id="oc-79">
         <name>.debug_line</name>
         <load_address>0x51c</load_address>
         <run_address>0x51c</run_address>
         <size>0x71</size>
         <input_file_ref idref="fl-3"/>
      </object_component>
      <object_component id="oc-11c">
         <name>.debug_line</name>
         <load_address>0x58d</load_address>
         <run_address>0x58d</run_address>
         <size>0x3b</size>
         <input_file_ref idref="fl-4"/>
      </object_component>
      <object_component id="oc-bb">
         <name>.debug_line</name>
         <load_address>0x5c8</load_address>
         <run_address>0x5c8</run_address>
         <size>0x146</size>
         <input_file_ref idref="fl-4"/>
      </object_component>
      <object_component id="oc-27">
         <name>.debug_line</name>
         <load_address>0x70e</load_address>
         <run_address>0x70e</run_address>
         <size>0x53</size>
         <input_file_ref idref="fl-be"/>
      </object_component>
      <object_component id="oc-d6">
         <name>.debug_line</name>
         <load_address>0x761</load_address>
         <run_address>0x761</run_address>
         <size>0x20</size>
         <input_file_ref idref="fl-bf"/>
      </object_component>
      <object_component id="oc-17">
         <name>.debug_line</name>
         <load_address>0x781</load_address>
         <run_address>0x781</run_address>
         <size>0xa9</size>
         <input_file_ref idref="fl-bf"/>
      </object_component>
      <object_component id="oc-34">
         <name>.debug_line</name>
         <load_address>0x82a</load_address>
         <run_address>0x82a</run_address>
         <size>0x3a</size>
         <input_file_ref idref="fl-bf"/>
      </object_component>
      <object_component id="oc-87">
         <name>.debug_line</name>
         <load_address>0x864</load_address>
         <run_address>0x864</run_address>
         <size>0x8a</size>
         <input_file_ref idref="fl-bf"/>
      </object_component>
      <object_component id="oc-91">
         <name>.debug_line</name>
         <load_address>0x8ee</load_address>
         <run_address>0x8ee</run_address>
         <size>0x8a</size>
         <input_file_ref idref="fl-c0"/>
      </object_component>
      <object_component id="oc-1b">
         <name>.debug_line</name>
         <load_address>0x978</load_address>
         <run_address>0x978</run_address>
         <size>0x55</size>
         <input_file_ref idref="fl-c0"/>
      </object_component>
      <object_component id="oc-44">
         <name>.debug_line</name>
         <load_address>0x9cd</load_address>
         <run_address>0x9cd</run_address>
         <size>0x3a</size>
         <input_file_ref idref="fl-c0"/>
      </object_component>
      <object_component id="oc-8e">
         <name>.debug_line</name>
         <load_address>0xa07</load_address>
         <run_address>0xa07</run_address>
         <size>0x8a</size>
         <input_file_ref idref="fl-c0"/>
      </object_component>
      <object_component id="oc-96">
         <name>.debug_line</name>
         <load_address>0xa91</load_address>
         <run_address>0xa91</run_address>
         <size>0x8a</size>
         <input_file_ref idref="fl-c1"/>
      </object_component>
      <object_component id="oc-fa">
         <name>.debug_line</name>
         <load_address>0xb1b</load_address>
         <run_address>0xb1b</run_address>
         <size>0xf2</size>
         <input_file_ref idref="fl-c2"/>
      </object_component>
      <object_component id="oc-ee">
         <name>.debug_line</name>
         <load_address>0xc0d</load_address>
         <run_address>0xc0d</run_address>
         <size>0x2a</size>
         <input_file_ref idref="fl-c2"/>
      </object_component>
      <object_component id="oc-6f">
         <name>.debug_line</name>
         <load_address>0xc37</load_address>
         <run_address>0xc37</run_address>
         <size>0x86</size>
         <input_file_ref idref="fl-c2"/>
      </object_component>
      <object_component id="oc-3f">
         <name>.debug_line</name>
         <load_address>0xcbd</load_address>
         <run_address>0xcbd</run_address>
         <size>0x88</size>
         <input_file_ref idref="fl-c3"/>
      </object_component>
      <object_component id="oc-57">
         <name>.debug_line</name>
         <load_address>0xd45</load_address>
         <run_address>0xd45</run_address>
         <size>0x3d</size>
         <input_file_ref idref="fl-c5"/>
      </object_component>
      <object_component id="oc-5d">
         <name>.debug_line</name>
         <load_address>0xd82</load_address>
         <run_address>0xd82</run_address>
         <size>0x40</size>
         <input_file_ref idref="fl-c6"/>
      </object_component>
      <object_component id="oc-b6">
         <name>.debug_line</name>
         <load_address>0xdc2</load_address>
         <run_address>0xdc2</run_address>
         <size>0x33</size>
         <input_file_ref idref="fl-c7"/>
      </object_component>
      <object_component id="oc-11a">
         <name>.debug_line</name>
         <load_address>0xdf5</load_address>
         <run_address>0xdf5</run_address>
         <size>0x20</size>
         <input_file_ref idref="fl-c8"/>
      </object_component>
      <object_component id="oc-f6">
         <name>.debug_line</name>
         <load_address>0xe15</load_address>
         <run_address>0xe15</run_address>
         <size>0x2b</size>
         <input_file_ref idref="fl-c8"/>
      </object_component>
      <object_component id="oc-f3">
         <name>.debug_line</name>
         <load_address>0xe40</load_address>
         <run_address>0xe40</run_address>
         <size>0x68</size>
         <input_file_ref idref="fl-c8"/>
      </object_component>
      <object_component id="oc-e7">
         <name>.debug_line</name>
         <load_address>0xea8</load_address>
         <run_address>0xea8</run_address>
         <size>0x2b</size>
         <input_file_ref idref="fl-c9"/>
      </object_component>
      <object_component id="oc-69">
         <name>.debug_line</name>
         <load_address>0xed3</load_address>
         <run_address>0xed3</run_address>
         <size>0x4a</size>
         <input_file_ref idref="fl-c9"/>
      </object_component>
      <object_component id="oc-eb">
         <name>.debug_line</name>
         <load_address>0xf1d</load_address>
         <run_address>0xf1d</run_address>
         <size>0x2b</size>
         <input_file_ref idref="fl-c9"/>
      </object_component>
      <object_component id="oc-db">
         <name>.debug_line</name>
         <load_address>0xf48</load_address>
         <run_address>0xf48</run_address>
         <size>0xa9</size>
         <input_file_ref idref="fl-ca"/>
      </object_component>
      <object_component id="oc-63">
         <name>.debug_line</name>
         <load_address>0xff1</load_address>
         <run_address>0xff1</run_address>
         <size>0x8b</size>
         <input_file_ref idref="fl-ca"/>
      </object_component>
      <object_component id="oc-df">
         <name>.debug_line</name>
         <load_address>0x107c</load_address>
         <run_address>0x107c</run_address>
         <size>0x2e</size>
         <input_file_ref idref="fl-ca"/>
      </object_component>
      <object_component id="oc-116">
         <name>.debug_line</name>
         <load_address>0x10aa</load_address>
         <run_address>0x10aa</run_address>
         <size>0x8a</size>
         <input_file_ref idref="fl-ca"/>
      </object_component>
      <object_component id="oc-e4">
         <name>.debug_line</name>
         <load_address>0x1134</load_address>
         <run_address>0x1134</run_address>
         <size>0x8b</size>
         <input_file_ref idref="fl-ca"/>
      </object_component>
      <object_component id="oc-10d">
         <name>.debug_line</name>
         <load_address>0x11bf</load_address>
         <run_address>0x11bf</run_address>
         <size>0x98</size>
         <input_file_ref idref="fl-cb"/>
      </object_component>
      <object_component id="oc-a0">
         <name>.debug_line</name>
         <load_address>0x1257</load_address>
         <run_address>0x1257</run_address>
         <size>0x68</size>
         <input_file_ref idref="fl-cb"/>
      </object_component>
      <object_component id="oc-111">
         <name>.debug_line</name>
         <load_address>0x12bf</load_address>
         <run_address>0x12bf</run_address>
         <size>0x2e</size>
         <input_file_ref idref="fl-cb"/>
      </object_component>
      <object_component id="oc-a7">
         <name>.debug_line</name>
         <load_address>0x12ed</load_address>
         <run_address>0x12ed</run_address>
         <size>0x3c</size>
         <input_file_ref idref="fl-cc"/>
      </object_component>
      <object_component id="oc-80">
         <name>.debug_frame</name>
         <load_address>0x0</load_address>
         <run_address>0x0</run_address>
         <size>0x177</size>
         <input_file_ref idref="fl-2"/>
      </object_component>
      <object_component id="oc-7a">
         <name>.debug_frame</name>
         <load_address>0x177</load_address>
         <run_address>0x177</run_address>
         <size>0x69</size>
         <input_file_ref idref="fl-3"/>
      </object_component>
      <object_component id="oc-bc">
         <name>.debug_frame</name>
         <load_address>0x1e0</load_address>
         <run_address>0x1e0</run_address>
         <size>0x6a</size>
         <input_file_ref idref="fl-4"/>
      </object_component>
      <object_component id="oc-16">
         <name>.debug_frame</name>
         <load_address>0x24a</load_address>
         <run_address>0x24a</run_address>
         <size>0x60</size>
         <input_file_ref idref="fl-bf"/>
      </object_component>
      <object_component id="oc-1c">
         <name>.debug_frame</name>
         <load_address>0x2aa</load_address>
         <run_address>0x2aa</run_address>
         <size>0x51</size>
         <input_file_ref idref="fl-c0"/>
      </object_component>
      <object_component id="oc-70">
         <name>.debug_frame</name>
         <load_address>0x2fb</load_address>
         <run_address>0x2fb</run_address>
         <size>0x85</size>
         <input_file_ref idref="fl-c2"/>
      </object_component>
      <object_component id="oc-58">
         <name>.debug_frame</name>
         <load_address>0x380</load_address>
         <run_address>0x380</run_address>
         <size>0x51</size>
         <input_file_ref idref="fl-c5"/>
      </object_component>
      <object_component id="oc-5e">
         <name>.debug_frame</name>
         <load_address>0x3d1</load_address>
         <run_address>0x3d1</run_address>
         <size>0x51</size>
         <input_file_ref idref="fl-c6"/>
      </object_component>
      <object_component id="oc-f4">
         <name>.debug_frame</name>
         <load_address>0x422</load_address>
         <run_address>0x422</run_address>
         <size>0x73</size>
         <input_file_ref idref="fl-c8"/>
      </object_component>
      <object_component id="oc-6a">
         <name>.debug_frame</name>
         <load_address>0x495</load_address>
         <run_address>0x495</run_address>
         <size>0x51</size>
         <input_file_ref idref="fl-c9"/>
      </object_component>
      <object_component id="oc-64">
         <name>.debug_frame</name>
         <load_address>0x4e6</load_address>
         <run_address>0x4e6</run_address>
         <size>0x5c</size>
         <input_file_ref idref="fl-ca"/>
      </object_component>
      <object_component id="oc-a1">
         <name>.debug_frame</name>
         <load_address>0x542</load_address>
         <run_address>0x542</run_address>
         <size>0x60</size>
         <input_file_ref idref="fl-cb"/>
      </object_component>
      <object_component id="oc-a4">
         <name>.debug_frame</name>
         <load_address>0x5a2</load_address>
         <run_address>0x5a2</run_address>
         <size>0x51</size>
         <input_file_ref idref="fl-cc"/>
      </object_component>
      <object_component id="oc-105">
         <name>.debug_abbrev</name>
         <load_address>0x0</load_address>
         <run_address>0x0</run_address>
         <size>0x8e</size>
         <input_file_ref idref="fl-2"/>
      </object_component>
      <object_component id="oc-103">
         <name>.debug_abbrev</name>
         <load_address>0x8e</load_address>
         <run_address>0x8e</run_address>
         <size>0x29</size>
         <input_file_ref idref="fl-2"/>
      </object_component>
      <object_component id="oc-ff">
         <name>.debug_abbrev</name>
         <load_address>0xb7</load_address>
         <run_address>0xb7</run_address>
         <size>0x29</size>
         <input_file_ref idref="fl-2"/>
      </object_component>
      <object_component id="oc-101">
         <name>.debug_abbrev</name>
         <load_address>0xe0</load_address>
         <run_address>0xe0</run_address>
         <size>0x29</size>
         <input_file_ref idref="fl-2"/>
      </object_component>
      <object_component id="oc-c7">
         <name>.debug_abbrev</name>
         <load_address>0x109</load_address>
         <run_address>0x109</run_address>
         <size>0xff</size>
         <input_file_ref idref="fl-2"/>
      </object_component>
      <object_component id="oc-109">
         <name>.debug_abbrev</name>
         <load_address>0x208</load_address>
         <run_address>0x208</run_address>
         <size>0x97</size>
         <input_file_ref idref="fl-2"/>
      </object_component>
      <object_component id="oc-d0">
         <name>.debug_abbrev</name>
         <load_address>0x29f</load_address>
         <run_address>0x29f</run_address>
         <size>0xbd</size>
         <input_file_ref idref="fl-2"/>
      </object_component>
      <object_component id="oc-38">
         <name>.debug_abbrev</name>
         <load_address>0x35c</load_address>
         <run_address>0x35c</run_address>
         <size>0x1f</size>
         <input_file_ref idref="fl-2"/>
      </object_component>
      <object_component id="oc-ca">
         <name>.debug_abbrev</name>
         <load_address>0x37b</load_address>
         <run_address>0x37b</run_address>
         <size>0x35</size>
         <input_file_ref idref="fl-2"/>
      </object_component>
      <object_component id="oc-d3">
         <name>.debug_abbrev</name>
         <load_address>0x3b0</load_address>
         <run_address>0x3b0</run_address>
         <size>0x73</size>
         <input_file_ref idref="fl-3"/>
      </object_component>
      <object_component id="oc-81">
         <name>.debug_abbrev</name>
         <load_address>0x423</load_address>
         <run_address>0x423</run_address>
         <size>0x29</size>
         <input_file_ref idref="fl-3"/>
      </object_component>
      <object_component id="oc-bd">
         <name>.debug_abbrev</name>
         <load_address>0x44c</load_address>
         <run_address>0x44c</run_address>
         <size>0x89</size>
         <input_file_ref idref="fl-3"/>
      </object_component>
      <object_component id="oc-11b">
         <name>.debug_abbrev</name>
         <load_address>0x4d5</load_address>
         <run_address>0x4d5</run_address>
         <size>0x29</size>
         <input_file_ref idref="fl-4"/>
      </object_component>
      <object_component id="oc-fe">
         <name>.debug_abbrev</name>
         <load_address>0x4fe</load_address>
         <run_address>0x4fe</run_address>
         <size>0x8b</size>
         <input_file_ref idref="fl-4"/>
      </object_component>
      <object_component id="oc-74">
         <name>.debug_abbrev</name>
         <load_address>0x589</load_address>
         <run_address>0x589</run_address>
         <size>0x3e</size>
         <input_file_ref idref="fl-be"/>
      </object_component>
      <object_component id="oc-d5">
         <name>.debug_abbrev</name>
         <load_address>0x5c7</load_address>
         <run_address>0x5c7</run_address>
         <size>0x37</size>
         <input_file_ref idref="fl-bf"/>
      </object_component>
      <object_component id="oc-30">
         <name>.debug_abbrev</name>
         <load_address>0x5fe</load_address>
         <run_address>0x5fe</run_address>
         <size>0x6f</size>
         <input_file_ref idref="fl-bf"/>
      </object_component>
      <object_component id="oc-33">
         <name>.debug_abbrev</name>
         <load_address>0x66d</load_address>
         <run_address>0x66d</run_address>
         <size>0x24</size>
         <input_file_ref idref="fl-bf"/>
      </object_component>
      <object_component id="oc-86">
         <name>.debug_abbrev</name>
         <load_address>0x691</load_address>
         <run_address>0x691</run_address>
         <size>0x35</size>
         <input_file_ref idref="fl-bf"/>
      </object_component>
      <object_component id="oc-90">
         <name>.debug_abbrev</name>
         <load_address>0x6c6</load_address>
         <run_address>0x6c6</run_address>
         <size>0x5d</size>
         <input_file_ref idref="fl-c0"/>
      </object_component>
      <object_component id="oc-40">
         <name>.debug_abbrev</name>
         <load_address>0x723</load_address>
         <run_address>0x723</run_address>
         <size>0x74</size>
         <input_file_ref idref="fl-c0"/>
      </object_component>
      <object_component id="oc-43">
         <name>.debug_abbrev</name>
         <load_address>0x797</load_address>
         <run_address>0x797</run_address>
         <size>0x24</size>
         <input_file_ref idref="fl-c0"/>
      </object_component>
      <object_component id="oc-8d">
         <name>.debug_abbrev</name>
         <load_address>0x7bb</load_address>
         <run_address>0x7bb</run_address>
         <size>0x24</size>
         <input_file_ref idref="fl-c0"/>
      </object_component>
      <object_component id="oc-95">
         <name>.debug_abbrev</name>
         <load_address>0x7df</load_address>
         <run_address>0x7df</run_address>
         <size>0x24</size>
         <input_file_ref idref="fl-c1"/>
      </object_component>
      <object_component id="oc-f9">
         <name>.debug_abbrev</name>
         <load_address>0x803</load_address>
         <run_address>0x803</run_address>
         <size>0xb3</size>
         <input_file_ref idref="fl-c2"/>
      </object_component>
      <object_component id="oc-ed">
         <name>.debug_abbrev</name>
         <load_address>0x8b6</load_address>
         <run_address>0x8b6</run_address>
         <size>0x29</size>
         <input_file_ref idref="fl-c2"/>
      </object_component>
      <object_component id="oc-b2">
         <name>.debug_abbrev</name>
         <load_address>0x8df</load_address>
         <run_address>0x8df</run_address>
         <size>0xba</size>
         <input_file_ref idref="fl-c2"/>
      </object_component>
      <object_component id="oc-8a">
         <name>.debug_abbrev</name>
         <load_address>0x999</load_address>
         <run_address>0x999</run_address>
         <size>0x3e</size>
         <input_file_ref idref="fl-c3"/>
      </object_component>
      <object_component id="oc-9a">
         <name>.debug_abbrev</name>
         <load_address>0x9d7</load_address>
         <run_address>0x9d7</run_address>
         <size>0x53</size>
         <input_file_ref idref="fl-c5"/>
      </object_component>
      <object_component id="oc-9b">
         <name>.debug_abbrev</name>
         <load_address>0xa2a</load_address>
         <run_address>0xa2a</run_address>
         <size>0x55</size>
         <input_file_ref idref="fl-c6"/>
      </object_component>
      <object_component id="oc-b5">
         <name>.debug_abbrev</name>
         <load_address>0xa7f</load_address>
         <run_address>0xa7f</run_address>
         <size>0x27</size>
         <input_file_ref idref="fl-c7"/>
      </object_component>
      <object_component id="oc-119">
         <name>.debug_abbrev</name>
         <load_address>0xaa6</load_address>
         <run_address>0xaa6</run_address>
         <size>0x50</size>
         <input_file_ref idref="fl-c8"/>
      </object_component>
      <object_component id="oc-f5">
         <name>.debug_abbrev</name>
         <load_address>0xaf6</load_address>
         <run_address>0xaf6</run_address>
         <size>0x29</size>
         <input_file_ref idref="fl-c8"/>
      </object_component>
      <object_component id="oc-118">
         <name>.debug_abbrev</name>
         <load_address>0xb1f</load_address>
         <run_address>0xb1f</run_address>
         <size>0x6f</size>
         <input_file_ref idref="fl-c8"/>
      </object_component>
      <object_component id="oc-e6">
         <name>.debug_abbrev</name>
         <load_address>0xb8e</load_address>
         <run_address>0xb8e</run_address>
         <size>0x99</size>
         <input_file_ref idref="fl-c9"/>
      </object_component>
      <object_component id="oc-aa">
         <name>.debug_abbrev</name>
         <load_address>0xc27</load_address>
         <run_address>0xc27</run_address>
         <size>0x68</size>
         <input_file_ref idref="fl-c9"/>
      </object_component>
      <object_component id="oc-ea">
         <name>.debug_abbrev</name>
         <load_address>0xc8f</load_address>
         <run_address>0xc8f</run_address>
         <size>0x49</size>
         <input_file_ref idref="fl-c9"/>
      </object_component>
      <object_component id="oc-da">
         <name>.debug_abbrev</name>
         <load_address>0xcd8</load_address>
         <run_address>0xcd8</run_address>
         <size>0xb9</size>
         <input_file_ref idref="fl-ca"/>
      </object_component>
      <object_component id="oc-a8">
         <name>.debug_abbrev</name>
         <load_address>0xd91</load_address>
         <run_address>0xd91</run_address>
         <size>0x7e</size>
         <input_file_ref idref="fl-ca"/>
      </object_component>
      <object_component id="oc-de">
         <name>.debug_abbrev</name>
         <load_address>0xe0f</load_address>
         <run_address>0xe0f</run_address>
         <size>0x24</size>
         <input_file_ref idref="fl-ca"/>
      </object_component>
      <object_component id="oc-115">
         <name>.debug_abbrev</name>
         <load_address>0xe33</load_address>
         <run_address>0xe33</run_address>
         <size>0x24</size>
         <input_file_ref idref="fl-ca"/>
      </object_component>
      <object_component id="oc-e3">
         <name>.debug_abbrev</name>
         <load_address>0xe57</load_address>
         <run_address>0xe57</run_address>
         <size>0x4b</size>
         <input_file_ref idref="fl-ca"/>
      </object_component>
      <object_component id="oc-10c">
         <name>.debug_abbrev</name>
         <load_address>0xea2</load_address>
         <run_address>0xea2</run_address>
         <size>0xa7</size>
         <input_file_ref idref="fl-cb"/>
      </object_component>
      <object_component id="oc-d7">
         <name>.debug_abbrev</name>
         <load_address>0xf49</load_address>
         <run_address>0xf49</run_address>
         <size>0x8c</size>
         <input_file_ref idref="fl-cb"/>
      </object_component>
      <object_component id="oc-110">
         <name>.debug_abbrev</name>
         <load_address>0xfd5</load_address>
         <run_address>0xfd5</run_address>
         <size>0x24</size>
         <input_file_ref idref="fl-cb"/>
      </object_component>
      <object_component id="oc-d9">
         <name>.debug_abbrev</name>
         <load_address>0xff9</load_address>
         <run_address>0xff9</run_address>
         <size>0x53</size>
         <input_file_ref idref="fl-cc"/>
      </object_component>
      <object_component id="oc-147">
         <name>.debug_abbrev</name>
         <load_address>0x104c</load_address>
         <run_address>0x104c</run_address>
         <size>0xf</size>
      </object_component>
      <object_component id="oc-10b">
         <name>.debug_str</name>
         <load_address>0x0</load_address>
         <run_address>0x0</run_address>
         <size>0x465</size>
         <input_file_ref idref="fl-2"/>
      </object_component>
      <object_component id="oc-d2">
         <name>.debug_str</name>
         <load_address>0x465</load_address>
         <run_address>0x465</run_address>
         <size>0x15a9</size>
         <input_file_ref idref="fl-2"/>
      </object_component>
      <object_component id="oc-3a">
         <name>.debug_str</name>
         <load_address>0x1a0e</load_address>
         <run_address>0x1a0e</run_address>
         <size>0xfa</size>
         <input_file_ref idref="fl-2"/>
      </object_component>
      <object_component id="oc-cc">
         <name>.debug_str</name>
         <load_address>0x1b08</load_address>
         <run_address>0x1b08</run_address>
         <size>0x1ff</size>
         <input_file_ref idref="fl-2"/>
      </object_component>
      <object_component id="oc-35">
         <name>.debug_str</name>
         <load_address>0x1d07</load_address>
         <run_address>0x1d07</run_address>
         <size>0x10d</size>
         <input_file_ref idref="fl-bf"/>
      </object_component>
      <object_component id="oc-88">
         <name>.debug_str</name>
         <load_address>0x1e14</load_address>
         <run_address>0x1e14</run_address>
         <size>0x14a</size>
         <input_file_ref idref="fl-bf"/>
      </object_component>
      <object_component id="oc-45">
         <name>.debug_str</name>
         <load_address>0x1f5e</load_address>
         <run_address>0x1f5e</run_address>
         <size>0x100</size>
         <input_file_ref idref="fl-c0"/>
      </object_component>
      <object_component id="oc-8f">
         <name>.debug_str</name>
         <load_address>0x205e</load_address>
         <run_address>0x205e</run_address>
         <size>0x12d</size>
         <input_file_ref idref="fl-c0"/>
      </object_component>
      <object_component id="oc-97">
         <name>.debug_str</name>
         <load_address>0x218b</load_address>
         <run_address>0x218b</run_address>
         <size>0x12d</size>
         <input_file_ref idref="fl-c1"/>
      </object_component>
      <object_component id="oc-ec">
         <name>.debug_str</name>
         <load_address>0x22b8</load_address>
         <run_address>0x22b8</run_address>
         <size>0xd6</size>
         <input_file_ref idref="fl-c9"/>
      </object_component>
      <object_component id="oc-e0">
         <name>.debug_str</name>
         <load_address>0x238e</load_address>
         <run_address>0x238e</run_address>
         <size>0xe2</size>
         <input_file_ref idref="fl-ca"/>
      </object_component>
      <object_component id="oc-117">
         <name>.debug_str</name>
         <load_address>0x2470</load_address>
         <run_address>0x2470</run_address>
         <size>0x138</size>
         <input_file_ref idref="fl-ca"/>
      </object_component>
      <object_component id="oc-e5">
         <name>.debug_str</name>
         <load_address>0x25a8</load_address>
         <run_address>0x25a8</run_address>
         <size>0x184</size>
         <input_file_ref idref="fl-ca"/>
      </object_component>
      <object_component id="oc-112">
         <name>.debug_str</name>
         <load_address>0x272c</load_address>
         <run_address>0x272c</run_address>
         <size>0xd7</size>
         <input_file_ref idref="fl-cb"/>
      </object_component>
      <object_component id="oc-7d">
         <name>.debug_aranges</name>
         <load_address>0x0</load_address>
         <run_address>0x0</run_address>
         <size>0x80</size>
         <input_file_ref idref="fl-2"/>
      </object_component>
      <object_component id="oc-77">
         <name>.debug_aranges</name>
         <load_address>0x80</load_address>
         <run_address>0x80</run_address>
         <size>0x28</size>
         <input_file_ref idref="fl-3"/>
      </object_component>
      <object_component id="oc-b9">
         <name>.debug_aranges</name>
         <load_address>0xa8</load_address>
         <run_address>0xa8</run_address>
         <size>0x28</size>
         <input_file_ref idref="fl-4"/>
      </object_component>
      <object_component id="oc-2a">
         <name>.debug_aranges</name>
         <load_address>0xd0</load_address>
         <run_address>0xd0</run_address>
         <size>0x20</size>
         <input_file_ref idref="fl-be"/>
      </object_component>
      <object_component id="oc-15">
         <name>.debug_aranges</name>
         <load_address>0xf0</load_address>
         <run_address>0xf0</run_address>
         <size>0x20</size>
         <input_file_ref idref="fl-bf"/>
      </object_component>
      <object_component id="oc-1e">
         <name>.debug_aranges</name>
         <load_address>0x110</load_address>
         <run_address>0x110</run_address>
         <size>0x20</size>
         <input_file_ref idref="fl-c0"/>
      </object_component>
      <object_component id="oc-6d">
         <name>.debug_aranges</name>
         <load_address>0x130</load_address>
         <run_address>0x130</run_address>
         <size>0x30</size>
         <input_file_ref idref="fl-c2"/>
      </object_component>
      <object_component id="oc-3d">
         <name>.debug_aranges</name>
         <load_address>0x160</load_address>
         <run_address>0x160</run_address>
         <size>0x20</size>
         <input_file_ref idref="fl-c3"/>
      </object_component>
      <object_component id="oc-55">
         <name>.debug_aranges</name>
         <load_address>0x180</load_address>
         <run_address>0x180</run_address>
         <size>0x20</size>
         <input_file_ref idref="fl-c5"/>
      </object_component>
      <object_component id="oc-5b">
         <name>.debug_aranges</name>
         <load_address>0x1a0</load_address>
         <run_address>0x1a0</run_address>
         <size>0x20</size>
         <input_file_ref idref="fl-c6"/>
      </object_component>
      <object_component id="oc-f0">
         <name>.debug_aranges</name>
         <load_address>0x1c0</load_address>
         <run_address>0x1c0</run_address>
         <size>0x30</size>
         <input_file_ref idref="fl-c8"/>
      </object_component>
      <object_component id="oc-67">
         <name>.debug_aranges</name>
         <load_address>0x1f0</load_address>
         <run_address>0x1f0</run_address>
         <size>0x20</size>
         <input_file_ref idref="fl-c9"/>
      </object_component>
      <object_component id="oc-61">
         <name>.debug_aranges</name>
         <load_address>0x210</load_address>
         <run_address>0x210</run_address>
         <size>0x20</size>
         <input_file_ref idref="fl-ca"/>
      </object_component>
      <object_component id="oc-9e">
         <name>.debug_aranges</name>
         <load_address>0x230</load_address>
         <run_address>0x230</run_address>
         <size>0x20</size>
         <input_file_ref idref="fl-cb"/>
      </object_component>
      <object_component id="oc-a3">
         <name>.debug_aranges</name>
         <load_address>0x250</load_address>
         <run_address>0x250</run_address>
         <size>0x20</size>
         <input_file_ref idref="fl-cc"/>
      </object_component>
      <object_component id="oc-c6">
         <name>.debug_pubnames</name>
         <load_address>0x0</load_address>
         <run_address>0x0</run_address>
         <size>0x26</size>
         <input_file_ref idref="fl-2"/>
      </object_component>
      <object_component id="oc-c0">
         <name>.debug_pubnames</name>
         <load_address>0x26</load_address>
         <run_address>0x26</run_address>
         <size>0x1e</size>
         <input_file_ref idref="fl-2"/>
      </object_component>
      <object_component id="oc-c3">
         <name>.debug_pubnames</name>
         <load_address>0x44</load_address>
         <run_address>0x44</run_address>
         <size>0x1e</size>
         <input_file_ref idref="fl-2"/>
      </object_component>
      <object_component id="oc-7e">
         <name>.debug_pubnames</name>
         <load_address>0x62</load_address>
         <run_address>0x62</run_address>
         <size>0xef</size>
         <input_file_ref idref="fl-2"/>
      </object_component>
      <object_component id="oc-2e">
         <name>.debug_pubnames</name>
         <load_address>0x151</load_address>
         <run_address>0x151</run_address>
         <size>0x27</size>
         <input_file_ref idref="fl-3"/>
      </object_component>
      <object_component id="oc-78">
         <name>.debug_pubnames</name>
         <load_address>0x178</load_address>
         <run_address>0x178</run_address>
         <size>0x38</size>
         <input_file_ref idref="fl-3"/>
      </object_component>
      <object_component id="oc-fd">
         <name>.debug_pubnames</name>
         <load_address>0x1b0</load_address>
         <run_address>0x1b0</run_address>
         <size>0x26</size>
         <input_file_ref idref="fl-4"/>
      </object_component>
      <object_component id="oc-ba">
         <name>.debug_pubnames</name>
         <load_address>0x1d6</load_address>
         <run_address>0x1d6</run_address>
         <size>0x3b</size>
         <input_file_ref idref="fl-4"/>
      </object_component>
      <object_component id="oc-29">
         <name>.debug_pubnames</name>
         <load_address>0x211</load_address>
         <run_address>0x211</run_address>
         <size>0x1f</size>
         <input_file_ref idref="fl-be"/>
      </object_component>
      <object_component id="oc-19">
         <name>.debug_pubnames</name>
         <load_address>0x230</load_address>
         <run_address>0x230</run_address>
         <size>0x2b</size>
         <input_file_ref idref="fl-bf"/>
      </object_component>
      <object_component id="oc-1f">
         <name>.debug_pubnames</name>
         <load_address>0x25b</load_address>
         <run_address>0x25b</run_address>
         <size>0x2b</size>
         <input_file_ref idref="fl-c0"/>
      </object_component>
      <object_component id="oc-ae">
         <name>.debug_pubnames</name>
         <load_address>0x286</load_address>
         <run_address>0x286</run_address>
         <size>0x5e</size>
         <input_file_ref idref="fl-c2"/>
      </object_component>
      <object_component id="oc-6e">
         <name>.debug_pubnames</name>
         <load_address>0x2e4</load_address>
         <run_address>0x2e4</run_address>
         <size>0x35</size>
         <input_file_ref idref="fl-c2"/>
      </object_component>
      <object_component id="oc-3e">
         <name>.debug_pubnames</name>
         <load_address>0x319</load_address>
         <run_address>0x319</run_address>
         <size>0x1d</size>
         <input_file_ref idref="fl-c3"/>
      </object_component>
      <object_component id="oc-56">
         <name>.debug_pubnames</name>
         <load_address>0x336</load_address>
         <run_address>0x336</run_address>
         <size>0x21</size>
         <input_file_ref idref="fl-c5"/>
      </object_component>
      <object_component id="oc-5c">
         <name>.debug_pubnames</name>
         <load_address>0x357</load_address>
         <run_address>0x357</run_address>
         <size>0x27</size>
         <input_file_ref idref="fl-c6"/>
      </object_component>
      <object_component id="oc-73">
         <name>.debug_pubnames</name>
         <load_address>0x37e</load_address>
         <run_address>0x37e</run_address>
         <size>0x23</size>
         <input_file_ref idref="fl-c7"/>
      </object_component>
      <object_component id="oc-b1">
         <name>.debug_pubnames</name>
         <load_address>0x3a1</load_address>
         <run_address>0x3a1</run_address>
         <size>0x28</size>
         <input_file_ref idref="fl-c8"/>
      </object_component>
      <object_component id="oc-f2">
         <name>.debug_pubnames</name>
         <load_address>0x3c9</load_address>
         <run_address>0x3c9</run_address>
         <size>0x43</size>
         <input_file_ref idref="fl-c8"/>
      </object_component>
      <object_component id="oc-68">
         <name>.debug_pubnames</name>
         <load_address>0x40c</load_address>
         <run_address>0x40c</run_address>
         <size>0x21</size>
         <input_file_ref idref="fl-c9"/>
      </object_component>
      <object_component id="oc-62">
         <name>.debug_pubnames</name>
         <load_address>0x42d</load_address>
         <run_address>0x42d</run_address>
         <size>0x25</size>
         <input_file_ref idref="fl-ca"/>
      </object_component>
      <object_component id="oc-9f">
         <name>.debug_pubnames</name>
         <load_address>0x452</load_address>
         <run_address>0x452</run_address>
         <size>0x1e</size>
         <input_file_ref idref="fl-cb"/>
      </object_component>
      <object_component id="oc-a6">
         <name>.debug_pubnames</name>
         <load_address>0x470</load_address>
         <run_address>0x470</run_address>
         <size>0x29</size>
         <input_file_ref idref="fl-cc"/>
      </object_component>
      <object_component id="oc-108">
         <name>.debug_pubtypes</name>
         <load_address>0x0</load_address>
         <run_address>0x0</run_address>
         <size>0xdd</size>
         <input_file_ref idref="fl-2"/>
      </object_component>
      <object_component id="oc-cf">
         <name>.debug_pubtypes</name>
         <load_address>0xdd</load_address>
         <run_address>0xdd</run_address>
         <size>0x2ce</size>
         <input_file_ref idref="fl-2"/>
      </object_component>
      <object_component id="oc-37">
         <name>.debug_pubtypes</name>
         <load_address>0x3ab</load_address>
         <run_address>0x3ab</run_address>
         <size>0xed</size>
         <input_file_ref idref="fl-2"/>
      </object_component>
      <object_component id="oc-c9">
         <name>.debug_pubtypes</name>
         <load_address>0x498</load_address>
         <run_address>0x498</run_address>
         <size>0x1c6</size>
         <input_file_ref idref="fl-2"/>
      </object_component>
      <object_component id="oc-32">
         <name>.debug_pubtypes</name>
         <load_address>0x65e</load_address>
         <run_address>0x65e</run_address>
         <size>0x5d</size>
         <input_file_ref idref="fl-bf"/>
      </object_component>
      <object_component id="oc-85">
         <name>.debug_pubtypes</name>
         <load_address>0x6bb</load_address>
         <run_address>0x6bb</run_address>
         <size>0x42</size>
         <input_file_ref idref="fl-bf"/>
      </object_component>
      <object_component id="oc-42">
         <name>.debug_pubtypes</name>
         <load_address>0x6fd</load_address>
         <run_address>0x6fd</run_address>
         <size>0x48</size>
         <input_file_ref idref="fl-c0"/>
      </object_component>
      <object_component id="oc-8c">
         <name>.debug_pubtypes</name>
         <load_address>0x745</load_address>
         <run_address>0x745</run_address>
         <size>0x1d</size>
         <input_file_ref idref="fl-c0"/>
      </object_component>
      <object_component id="oc-94">
         <name>.debug_pubtypes</name>
         <load_address>0x762</load_address>
         <run_address>0x762</run_address>
         <size>0x1d</size>
         <input_file_ref idref="fl-c1"/>
      </object_component>
      <object_component id="oc-b4">
         <name>.debug_pubtypes</name>
         <load_address>0x77f</load_address>
         <run_address>0x77f</run_address>
         <size>0x1f</size>
         <input_file_ref idref="fl-c2"/>
      </object_component>
      <object_component id="oc-f8">
         <name>.debug_pubtypes</name>
         <load_address>0x79e</load_address>
         <run_address>0x79e</run_address>
         <size>0x1f</size>
         <input_file_ref idref="fl-c8"/>
      </object_component>
      <object_component id="oc-e9">
         <name>.debug_pubtypes</name>
         <load_address>0x7bd</load_address>
         <run_address>0x7bd</run_address>
         <size>0x1b</size>
         <input_file_ref idref="fl-c9"/>
      </object_component>
      <object_component id="oc-dd">
         <name>.debug_pubtypes</name>
         <load_address>0x7d8</load_address>
         <run_address>0x7d8</run_address>
         <size>0x32</size>
         <input_file_ref idref="fl-ca"/>
      </object_component>
      <object_component id="oc-114">
         <name>.debug_pubtypes</name>
         <load_address>0x80a</load_address>
         <run_address>0x80a</run_address>
         <size>0x2c</size>
         <input_file_ref idref="fl-ca"/>
      </object_component>
      <object_component id="oc-e2">
         <name>.debug_pubtypes</name>
         <load_address>0x836</load_address>
         <run_address>0x836</run_address>
         <size>0x50</size>
         <input_file_ref idref="fl-ca"/>
      </object_component>
      <object_component id="oc-10f">
         <name>.debug_pubtypes</name>
         <load_address>0x886</load_address>
         <run_address>0x886</run_address>
         <size>0x23</size>
         <input_file_ref idref="fl-cb"/>
      </object_component>
   </object_component_list>
   <logical_group_list>
      <logical_group id="lg-3" display="no" color="cyan">
         <name>.intvecs</name>
         <load_address>0x0</load_address>
         <run_address>0x0</run_address>
         <size>0xe4</size>
         <contents>
            <object_component_ref idref="oc-2c"/>
         </contents>
      </logical_group>
      <logical_group id="lg-4" display="no" color="cyan">
         <name>.text</name>
         <load_address>0x2814</load_address>
         <run_address>0x2814</run_address>
         <size>0xaec</size>
         <contents>
            <object_component_ref idref="oc-7b"/>
            <object_component_ref idref="oc-b7"/>
            <object_component_ref idref="oc-3b"/>
            <object_component_ref idref="oc-5f"/>
            <object_component_ref idref="oc-14"/>
            <object_component_ref idref="oc-26"/>
            <object_component_ref idref="oc-6b"/>
            <object_component_ref idref="oc-9c"/>
            <object_component_ref idref="oc-65"/>
            <object_component_ref idref="oc-ef"/>
            <object_component_ref idref="oc-1a"/>
            <object_component_ref idref="oc-75"/>
            <object_component_ref idref="oc-59"/>
            <object_component_ref idref="oc-53"/>
            <object_component_ref idref="oc-a2"/>
         </contents>
      </logical_group>
      <logical_group id="lg-5" display="no" color="cyan">
         <name>.const</name>
         <load_address>0xe4</load_address>
         <run_address>0xe4</run_address>
         <size>0x272e</size>
         <contents>
            <object_component_ref idref="oc-be"/>
            <object_component_ref idref="oc-c1"/>
            <object_component_ref idref="oc-c4"/>
         </contents>
      </logical_group>
      <logical_group id="lg-6" display="no" color="cyan">
         <name>.cinit</name>
         <load_address>0x3300</load_address>
         <run_address>0x3300</run_address>
         <size>0x28</size>
         <contents>
            <object_component_ref idref="oc-144"/>
            <object_component_ref idref="oc-142"/>
            <object_component_ref idref="oc-143"/>
         </contents>
      </logical_group>
      <logical_group id="lg-7" display="no" color="cyan">
         <name>.pinit</name>
         <run_address>0x0</run_address>
         <size>0x0</size>
         <contents>
         </contents>
      </logical_group>
      <logical_group id="lg-8" display="no" color="cyan">
         <name>.init_array</name>
         <run_address>0x0</run_address>
         <size>0x0</size>
         <contents>
         </contents>
      </logical_group>
      <logical_group id="lg-9" display="no" color="cyan">
         <name>.binit</name>
         <load_address>0x0</load_address>
         <run_address>0x0</run_address>
         <size>0x0</size>
         <contents>
            <object_component_ref idref="oc-11f"/>
         </contents>
      </logical_group>
      <logical_group id="lg-a" display="no" color="cyan">
         <name>.flashMailbox</name>
         <run_address>0x0</run_address>
         <size>0x0</size>
         <contents>
         </contents>
      </logical_group>
      <logical_group id="lg-b" display="no" color="cyan">
         <name>.tlvTable</name>
         <run_address>0x0</run_address>
         <size>0x0</size>
         <contents>
         </contents>
      </logical_group>
      <logical_group id="lg-c" display="no" color="cyan">
         <name>.bslArea</name>
         <run_address>0x0</run_address>
         <size>0x0</size>
         <contents>
         </contents>
      </logical_group>
      <logical_group id="lg-d" display="no" color="cyan">
         <name>.vtable</name>
         <run_address>0x0</run_address>
         <size>0x0</size>
         <contents>
         </contents>
      </logical_group>
      <logical_group id="lg-e" display="no" color="cyan">
         <name>.data</name>
         <run_address>0x20000000</run_address>
         <size>0x1c</size>
         <contents>
            <object_component_ref idref="oc-fb"/>
            <object_component_ref idref="oc-ac"/>
            <object_component_ref idref="oc-71"/>
            <object_component_ref idref="oc-af"/>
         </contents>
      </logical_group>
      <logical_group id="lg-f" display="no" color="cyan">
         <name>.bss</name>
         <run_address>0x0</run_address>
         <size>0x0</size>
         <contents>
         </contents>
      </logical_group>
      <logical_group id="lg-10" display="no" color="cyan">
         <name>.sysmem</name>
         <run_address>0x0</run_address>
         <size>0x0</size>
         <contents>
         </contents>
      </logical_group>
      <logical_group id="lg-11" display="no" color="cyan">
         <name>.stack</name>
         <run_address>0x2000fe00</run_address>
         <size>0x200</size>
         <contents>
            <object_component_ref idref="oc-2f"/>
            <object_component_ref idref="oc-145"/>
         </contents>
      </logical_group>
      <logical_group id="lg-12" display="no" color="cyan">
         <name>.TI.ramfunc</name>
         <run_address>0x0</run_address>
         <size>0x0</size>
         <contents>
         </contents>
      </logical_group>
      <logical_group id="lg-11d" display="no" color="cyan">
         <name>.TI.noinit</name>
         <run_address>0x0</run_address>
         <size>0x0</size>
         <contents>
         </contents>
      </logical_group>
      <logical_group id="lg-11e" display="no" color="cyan">
         <name>.TI.persistent</name>
         <run_address>0x0</run_address>
         <size>0x0</size>
         <contents>
         </contents>
      </logical_group>
      <logical_group id="lg-132" display="never" color="cyan">
         <name>.debug_info</name>
         <load_address>0x0</load_address>
         <run_address>0x0</run_address>
         <size>0x964d</size>
         <contents>
            <object_component_ref idref="oc-cd"/>
            <object_component_ref idref="oc-c5"/>
            <object_component_ref idref="oc-bf"/>
            <object_component_ref idref="oc-c2"/>
            <object_component_ref idref="oc-7c"/>
            <object_component_ref idref="oc-107"/>
            <object_component_ref idref="oc-ce"/>
            <object_component_ref idref="oc-36"/>
            <object_component_ref idref="oc-c8"/>
            <object_component_ref idref="oc-83"/>
            <object_component_ref idref="oc-2d"/>
            <object_component_ref idref="oc-76"/>
            <object_component_ref idref="oc-fc"/>
            <object_component_ref idref="oc-b8"/>
            <object_component_ref idref="oc-28"/>
            <object_component_ref idref="oc-89"/>
            <object_component_ref idref="oc-18"/>
            <object_component_ref idref="oc-31"/>
            <object_component_ref idref="oc-84"/>
            <object_component_ref idref="oc-46"/>
            <object_component_ref idref="oc-1d"/>
            <object_component_ref idref="oc-41"/>
            <object_component_ref idref="oc-8b"/>
            <object_component_ref idref="oc-93"/>
            <object_component_ref idref="oc-b3"/>
            <object_component_ref idref="oc-ad"/>
            <object_component_ref idref="oc-6c"/>
            <object_component_ref idref="oc-3c"/>
            <object_component_ref idref="oc-54"/>
            <object_component_ref idref="oc-5a"/>
            <object_component_ref idref="oc-72"/>
            <object_component_ref idref="oc-f7"/>
            <object_component_ref idref="oc-b0"/>
            <object_component_ref idref="oc-f1"/>
            <object_component_ref idref="oc-ab"/>
            <object_component_ref idref="oc-66"/>
            <object_component_ref idref="oc-e8"/>
            <object_component_ref idref="oc-a9"/>
            <object_component_ref idref="oc-60"/>
            <object_component_ref idref="oc-dc"/>
            <object_component_ref idref="oc-113"/>
            <object_component_ref idref="oc-e1"/>
            <object_component_ref idref="oc-d8"/>
            <object_component_ref idref="oc-9d"/>
            <object_component_ref idref="oc-10e"/>
            <object_component_ref idref="oc-a5"/>
            <object_component_ref idref="oc-146"/>
         </contents>
      </logical_group>
      <logical_group id="lg-134" display="never" color="cyan">
         <name>.debug_line</name>
         <load_address>0x0</load_address>
         <run_address>0x0</run_address>
         <size>0x1329</size>
         <contents>
            <object_component_ref idref="oc-106"/>
            <object_component_ref idref="oc-104"/>
            <object_component_ref idref="oc-100"/>
            <object_component_ref idref="oc-102"/>
            <object_component_ref idref="oc-7f"/>
            <object_component_ref idref="oc-10a"/>
            <object_component_ref idref="oc-d1"/>
            <object_component_ref idref="oc-39"/>
            <object_component_ref idref="oc-cb"/>
            <object_component_ref idref="oc-d4"/>
            <object_component_ref idref="oc-82"/>
            <object_component_ref idref="oc-79"/>
            <object_component_ref idref="oc-11c"/>
            <object_component_ref idref="oc-bb"/>
            <object_component_ref idref="oc-27"/>
            <object_component_ref idref="oc-d6"/>
            <object_component_ref idref="oc-17"/>
            <object_component_ref idref="oc-34"/>
            <object_component_ref idref="oc-87"/>
            <object_component_ref idref="oc-91"/>
            <object_component_ref idref="oc-1b"/>
            <object_component_ref idref="oc-44"/>
            <object_component_ref idref="oc-8e"/>
            <object_component_ref idref="oc-96"/>
            <object_component_ref idref="oc-fa"/>
            <object_component_ref idref="oc-ee"/>
            <object_component_ref idref="oc-6f"/>
            <object_component_ref idref="oc-3f"/>
            <object_component_ref idref="oc-57"/>
            <object_component_ref idref="oc-5d"/>
            <object_component_ref idref="oc-b6"/>
            <object_component_ref idref="oc-11a"/>
            <object_component_ref idref="oc-f6"/>
            <object_component_ref idref="oc-f3"/>
            <object_component_ref idref="oc-e7"/>
            <object_component_ref idref="oc-69"/>
[...]
         <length>0x40000</length>
         <used_space>0x3326</used_space>
         <unused_space>0x3ccda</unused_space>
         <attributes>RX</attributes>
         <usage_details>
            <allocated_space>
               <start_address>0x0</start_address>
               <size>0x0</size>
               <logical_group_ref idref="lg-9"/>
            </allocated_space>
            <allocated_space>
               <start_address>0x0</start_address>
               <size>0xe4</size>
               <logical_group_ref idref="lg-3"/>
            </allocated_space>
            <allocated_space>
               <start_address>0xe4</start_address>
               <size>0x272e</size>
               <logical_group_ref idref="lg-5"/>
            </allocated_space>
            <available_space>
               <start_address>0x2812</start_address>
               <size>0x2</size>
            </available_space>
            <allocated_space>
               <start_address>0x2814</start_address>
               <size>0xaec</size>
               <logical_group_ref idref="lg-4"/>
            </allocated_space>
            <allocated_space>
               <start_address>0x3300</start_address>
               <size>0x28</size>
               <logical_group_ref idref="lg-6"/>
            </allocated_space>
            <available_space>
               <start_address>0x3328</start_address>
               <size>0x3ccd8</size>
            </available_space>
         </usage_details>
      </memory_area>
      <memory_area display="yes" color="green">
         <name>INFO</name>
         <page_id>0x0</page_id>
         <origin>0x200000</origin>
         <length>0x4000</length>
         <used_space>0x0</used_space>
         <unused_space>0x4000</unused_space>
         <attributes>RX</attributes>
         <usage_details>
         </usage_details>
      </memory_area>
      <memory_area display="yes" color="green">
         <name>SRAM_CODE</name>
         <page_id>0x0</page_id>
         <origin>0x1000000</origin>
         <length>0x10000</length>
         <used_space>0x21c</used_space>
         <unused_space>0xfde4</unused_space>
         <attributes>RWX</attributes>
         <usage_details>
            <allocated_space>
               <start_address>0x1000000</start_address>
               <size>0x1c</size>
               <logical_group_ref idref="lg-e"/>
            </allocated_space>
            <available_space>
               <start_address>0x100001c</start_address>
               <size>0xfde4</size>
            </available_space>
            <allocated_space>
               <start_address>0x100fe00</start_address>
               <size>0x200</size>
               <logical_group_ref idref="lg-11"/>
            </allocated_space>
         </usage_details>
      </memory_area>
      <memory_area display="yes" color="green">
         <name>SRAM_DATA</name>
         <page_id>0x0</page_id>
         <origin>0x20000000</origin>
         <length>0x10000</length>
         <used_space>0x21c</used_space>
         <unused_space>0xfde4</unused_space>
         <attributes>RW</attributes>
         <usage_details>
            <allocated_space>
               <start_address>0x20000000</start_address>
               <size>0x1c</size>
               <logical_group_ref idref="lg-e"/>
            </allocated_space>
            <available_space>
               <start_address>0x2000001c</start_address>
               <size>0xfde4</size>
            </available_space>
            <allocated_space>
               <start_address>0x2000fe00</start_address>
               <size>0x200</size>
               <logical_group_ref idref="lg-11"/>
            </allocated_space>
         </usage_details>
      </memory_area>
   </placement_map>
   <cptbl_list>
      <cptbl>
         <name>__TI_cinit_table</name>
         <cprec>
            <name>.data</name>
            <load_address>0x3300</load_address>
            <load_size>0x15</load_size>
            <run_address>0x20000000</run_address>
            <run_size>0x1c</run_size>
            <compression>lzss</compression>
         </cprec>
      </cptbl>
   </cptbl_list>
   <handler_table>
      <handler_table_name>__TI_handler_table</handler_table_name>
      <handler>
         <index>0x0</index>
         <name>__TI_decompress_lzss</name>
      </handler>
      <handler>
         <index>0x1</index>
         <name>__TI_decompress_none</name>
      </handler>
   </handler_table>
   <symbol_table>
      <symbol id="sm-1">
         <name>WDTCTL_SYM</name>
         <value>0x4000480c</value>
      </symbol>
      <symbol id="sm-2">
         <name>__TI_CINIT_Base</name>
         <value>0x3320</value>
      </symbol>
      <symbol id="sm-3">
         <name>__TI_CINIT_Limit</name>
         <value>0x3328</value>
      </symbol>
      <symbol id="sm-4">
         <name>__TI_Handler_Table_Base</name>
         <value>0x3318</value>
      </symbol>
      <symbol id="sm-5">
         <name>__TI_Handler_Table_Limit</name>
         <value>0x3320</value>
      </symbol>
      <symbol id="sm-6">
         <name>binit</name>
         <value>0xffffffff</value>
      </symbol>
      <symbol id="sm-7">
         <name>__binit__</name>
         <value>0xffffffff</value>
      </symbol>
      <symbol id="sm-8">
         <name>__STACK_SIZE</name>
         <value>0x200</value>
      </symbol>
      <symbol id="sm-9">
         <name>__STACK_END</name>
         <value>0x20010000</value>
      </symbol>
      <symbol id="sm-a">
         <name>__c_args__</name>
         <value>0xffffffff</value>
      </symbol>
      <symbol id="sm-b">
         <name>__TI_pprof_out_hndl</name>
         <value>0xffffffff</value>
      </symbol>
      <symbol id="sm-c">
         <name>__TI_prof_data_start</name>
         <value>0xffffffff</value>
      </symbol>
      <symbol id="sm-d">
         <name>__TI_prof_data_size</name>
         <value>0xffffffff</value>
      </symbol>
      <symbol id="sm-94">
         <name>setLUT</name>
         <value>0x2c81</value>
         <object_component_ref idref="oc-7b"/>
      </symbol>
      <symbol id="sm-95">
         <name>waitNotBusy</name>
         <value>0x2ccd</value>
         <object_component_ref idref="oc-7b"/>
      </symbol>
      <symbol id="sm-96">
         <name>lut_full_update</name>
         <value>0x27f4</value>
         <object_component_ref idref="oc-c4"/>
      </symbol>
      <symbol id="sm-97">
         <name>setFrameMemory</name>
         <value>0x2b17</value>
         <object_component_ref idref="oc-7b"/>
      </symbol>
      <symbol id="sm-98">
         <name>clearFrameMemory</name>
         <value>0x2b71</value>
         <object_component_ref idref="oc-7b"/>
      </symbol>
      <symbol id="sm-99">
         <name>setMemoryPointer</name>
         <value>0x2ad7</value>
         <object_component_ref idref="oc-7b"/>
      </symbol>
      <symbol id="sm-9a">
         <name>main</name>
         <value>0x2841</value>
         <object_component_ref idref="oc-7b"/>
      </symbol>
      <symbol id="sm-9b">
         <name>sendData</name>
         <value>0x2c35</value>
         <object_component_ref idref="oc-7b"/>
      </symbol>
      <symbol id="sm-9c">
         <name>alarm_a</name>
         <value>0xe4</value>
         <object_component_ref idref="oc-be"/>
      </symbol>
      <symbol id="sm-9d">
         <name>alarm_b</name>
         <value>0x146c</value>
         <object_component_ref idref="oc-c1"/>
      </symbol>
      <symbol id="sm-9e">
         <name>initEpaper</name>
         <value>0x28cb</value>
         <object_component_ref idref="oc-7b"/>
      </symbol>
      <symbol id="sm-9f">
         <name>EUSCIB3_IRQHandler</name>
         <value>0x2cf1</value>
         <object_component_ref idref="oc-7b"/>
      </symbol>
      <symbol id="sm-a0">
         <name>sendToDisplay</name>
         <value>0x2bd1</value>
         <object_component_ref idref="oc-7b"/>
      </symbol>
      <symbol id="sm-a1">
         <name>sendCommand</name>
         <value>0x2bf5</value>
         <object_component_ref idref="oc-7b"/>
      </symbol>
      <symbol id="sm-a2">
         <name>setMemoryArea</name>
         <value>0x2a6b</value>
         <object_component_ref idref="oc-7b"/>
      </symbol>
      <symbol id="sm-b7">
         <name>Reset_Handler</name>
         <value>0x32eb</value>
         <object_component_ref idref="oc-75"/>
      </symbol>
      <symbol id="sm-b8">
         <name>Default_Handler</name>
         <value>0x32f7</value>
         <object_component_ref idref="oc-75"/>
      </symbol>
      <symbol id="sm-b9">
         <name>interruptVectors</name>
         <value>0x0</value>
         <object_component_ref idref="oc-2c"/>
      </symbol>
      <symbol id="sm-ff">
         <name>SystemInit</name>
         <value>0x2f91</value>
         <object_component_ref idref="oc-b7"/>
      </symbol>
      <symbol id="sm-100">
         <name>SystemCoreClockUpdate</name>
         <value>0x2d1d</value>
         <object_component_ref idref="oc-b7"/>
      </symbol>
      <symbol id="sm-101">
         <name>SystemCoreClock</name>
         <value>0x20000018</value>
         <object_component_ref idref="oc-fb"/>
      </symbol>
      <symbol id="sm-112">
         <name>_c_int00</name>
         <value>0x31bd</value>
         <object_component_ref idref="oc-26"/>
      </symbol>
      <symbol id="sm-113">
         <name>__stack</name>
         <value>0x2000fe00</value>
         <object_component_ref idref="oc-2f"/>
      </symbol>
      <symbol id="sm-131">
         <name>__TI_decompress_lzss</name>
         <value>0x3155</value>
         <object_component_ref idref="oc-14"/>
      </symbol>
      <symbol id="sm-148">
         <name>__TI_decompress_none</name>
         <value>0x32dd</value>
         <object_component_ref idref="oc-1a"/>
      </symbol>
      <symbol id="sm-16f">
         <name>C$$EXIT</name>
         <value>0x3211</value>
         <object_component_ref idref="oc-6b"/>
      </symbol>
      <symbol id="sm-170">
         <name>abort</name>
         <value>0x3215</value>
         <object_component_ref idref="oc-6b"/>
      </symbol>
      <symbol id="sm-171">
         <name>exit</name>
         <value>0x321d</value>
         <object_component_ref idref="oc-6b"/>
      </symbol>
      <symbol id="sm-172">
         <name>__TI_dtors_ptr</name>
         <value>0x20000004</value>
         <object_component_ref idref="oc-ac"/>
      </symbol>
      <symbol id="sm-173">
         <name>__TI_cleanup_ptr</name>
         <value>0x20000000</value>
         <object_component_ref idref="oc-ac"/>
      </symbol>
      <symbol id="sm-174">
         <name>__TI_enable_exit_profile_output</name>
         <value>0x20000008</value>
         <object_component_ref idref="oc-ac"/>
      </symbol>
      <symbol id="sm-18f">
         <name>memcpy</name>
         <value>0x3049</value>
         <object_component_ref idref="oc-3b"/>
      </symbol>
      <symbol id="sm-190">
         <name>__aeabi_memcpy</name>
         <value>0x3049</value>
         <object_component_ref idref="oc-3b"/>
      </symbol>
      <symbol id="sm-191">
         <name>__aeabi_memcpy8</name>
         <value>0x3049</value>
         <object_component_ref idref="oc-3b"/>
      </symbol>
      <symbol id="sm-192">
         <name>__aeabi_memcpy4</name>
         <value>0x3049</value>
         <object_component_ref idref="oc-3b"/>
      </symbol>
      <symbol id="sm-19d">
         <name>__mpu_init</name>
         <value>0x32fd</value>
         <object_component_ref idref="oc-53"/>
      </symbol>
      <symbol id="sm-1a7">
         <name>_system_pre_init</name>
         <value>0x32f9</value>
         <object_component_ref idref="oc-59"/>
      </symbol>
      <symbol id="sm-1af">
         <name>main_func_sp</name>
         <value>0x20000014</value>
         <object_component_ref idref="oc-71"/>
      </symbol>
      <symbol id="sm-1c8">
         <name>_nop</name>
         <value>0x32d7</value>
         <object_component_ref idref="oc-ef"/>
      </symbol>
      <symbol id="sm-1c9">
         <name>_lock</name>
         <value>0x2000000c</value>
         <object_component_ref idref="oc-af"/>
      </symbol>
      <symbol id="sm-1ca">
         <name>_unlock</name>
         <value>0x20000010</value>
         <object_component_ref idref="oc-af"/>
      </symbol>
      <symbol id="sm-1cb">
         <name>_register_lock</name>
         <value>0x32cf</value>
         <object_component_ref idref="oc-ef"/>
      </symbol>
      <symbol id="sm-1cc">
         <name>_register_unlock</name>
         <value>0x32c9</value>
         <object_component_ref idref="oc-ef"/>
      </symbol>
      <symbol id="sm-1e0">
         <name>_args_main</name>
         <value>0x32b1</value>
         <object_component_ref idref="oc-65"/>
      </symbol>
      <symbol id="sm-20a">
         <name>__TI_auto_init</name>
         <value>0x30e5</value>
         <object_component_ref idref="oc-5f"/>
      </symbol>
      <symbol id="sm-224">
         <name>copy_in</name>
         <value>0x3265</value>
         <object_component_ref idref="oc-9c"/>
      </symbol>
      <symbol id="sm-22e">
         <name>_system_post_cinit</name>
         <value>0x32ff</value>
         <object_component_ref idref="oc-a2"/>
      </symbol>
      <symbol id="sm-22f">
         <name>__TI_static_base__</name>
         <value>0x0</value>
      </symbol>
      <symbol id="sm-232">
         <name>SHT$$INIT_ARRAY$$Limit</name>
         <value>0x0</value>
      </symbol>
      <symbol id="sm-233">
         <name>SHT$$INIT_ARRAY$$Base</name>
         <value>0x0</value>
      </symbol>
      <symbol id="sm-234">
         <name>NMI_Handler</name>
         <value>0x32f7</value>
      </symbol>
      <symbol id="sm-235">
         <name>HardFault_Handler</name>
         <value>0x32f7</value>
      </symbol>
      <symbol id="sm-236">
         <name>MemManage_Handler</name>
         <value>0x32f7</value>
      </symbol>
      <symbol id="sm-237">
         <name>BusFault_Handler</name>
         <value>0x32f7</value>
      </symbol>
      <symbol id="sm-238">
         <name>UsageFault_Handler</name>
         <value>0x32f7</value>
      </symbol>
      <symbol id="sm-239">
         <name>SVC_Handler</name>
         <value>0x32f7</value>
      </symbol>
      <symbol id="sm-23a">
         <name>DebugMon_Handler</name>
         <value>0x32f7</value>
      </symbol>
      <symbol id="sm-23b">
         <name>PendSV_Handler</name>
         <value>0x32f7</value>
      </symbol>
      <symbol id="sm-23c">
         <name>SysTick_Handler</name>
         <value>0x32f7</value>
      </symbol>
      <symbol id="sm-23d">
         <name>PSS_IRQHandler</name>
         <value>0x32f7</value>
      </symbol>
      <symbol id="sm-23e">
         <name>CS_IRQHandler</name>
         <value>0x32f7</value>
      </symbol>
      <symbol id="sm-23f">
         <name>PCM_IRQHandler</name>
         <value>0x32f7</value>
      </symbol>
      <symbol id="sm-240">
         <name>WDT_A_IRQHandler</name>
         <value>0x32f7</value>
      </symbol>
      <symbol id="sm-241">
         <name>FPU_IRQHandler</name>
         <value>0x32f7</value>
      </symbol>
      <symbol id="sm-242">
         <name>FLCTL_IRQHandler</name>
         <value>0x32f7</value>
      </symbol>
      <symbol id="sm-243">
         <name>COMP_E0_IRQHandler</name>
         <value>0x32f7</value>
      </symbol>
      <symbol id="sm-244">
         <name>COMP_E1_IRQHandler</name>
         <value>0x32f7</value>
      </symbol>
      <symbol id="sm-245">
         <name>TA0_0_IRQHandler</name>
         <value>0x32f7</value>
      </symbol>
      <symbol id="sm-246">
         <name>TA0_N_IRQHandler</name>
         <value>0x32f7</value>
      </symbol>
      <symbol id="sm-247">
         <name>TA1_0_IRQHandler</name>
         <value>0x32f7</value>
      </symbol>
      <symbol id="sm-248">
         <name>TA1_N_IRQHandler</name>
         <value>0x32f7</value>
      </symbol>
      <symbol id="sm-249">
         <name>TA2_0_IRQHandler</name>
         <value>0x32f7</value>
      </symbol>
      <symbol id="sm-24a">
         <name>TA2_N_IRQHandler</name>
         <value>0x32f7</value>
      </symbol>
      <symbol id="sm-24b">
         <name>TA3_0_IRQHandler</name>
         <value>0x32f7</value>
      </symbol>
      <symbol id="sm-24c">
         <name>TA3_N_IRQHandler</name>
         <value>0x32f7</value>
      </symbol>
      <symbol id="sm-24d">
         <name>EUSCIA0_IRQHandler</name>
         <value>0x32f7</value>
      </symbol>
      <symbol id="sm-24e">
         <name>EUSCIA1_IRQHandler</name>
         <value>0x32f7</value>
      </symbol>
      <symbol id="sm-24f">
         <name>EUSCIA2_IRQHandler</name>
         <value>0x32f7</value>
      </symbol>
      <symbol id="sm-250">
         <name>EUSCIA3_IRQHandler</name>
         <value>0x32f7</value>
      </symbol>
      <symbol id="sm-251">
         <name>EUSCIB0_IRQHandler</name>
         <value>0x32f7</value>
      </symbol>
      <symbol id="sm-252">
         <name>EUSCIB1_IRQHandler</name>
         <value>0x32f7</value>
      </symbol>
      <symbol id="sm-253">
         <name>EUSCIB2_IRQHandler</name>
         <value>0x32f7</value>
      </symbol>
      <symbol id="sm-254">
         <name>EUSCIB3_IRQHandler</name>
         <value>0x2cf1</value>
      </symbol>
      <symbol id="sm-255">
         <name>ADC14_IRQHandler</name>
         <value>0x32f7</value>
      </symbol>
      <symbol id="sm-256">
         <name>T32_INT1_IRQHandler</name>
         <value>0x32f7</value>
      </symbol>
      <symbol id="sm-257">
         <name>T32_INT2_IRQHandler</name>
         <value>0x32f7</value>
      </symbol>
      <symbol id="sm-258">
         <name>T32_INTC_IRQHandler</name>
         <value>0x32f7</value>
      </symbol>
      <symbol id="sm-259">
         <name>AES256_IRQHandler</name>
         <value>0x32f7</value>
      </symbol>
      <symbol id="sm-25a">
         <name>RTC_C_IRQHandler</name>
         <value>0x32f7</value>
      </symbol>
      <symbol id="sm-25b">
         <name>DMA_ERR_IRQHandler</name>
         <value>0x32f7</value>
      </symbol>
      <symbol id="sm-25c">
         <name>DMA_INT3_IRQHandler</name>
         <value>0x32f7</value>
      </symbol>
      <symbol id="sm-25d">
         <name>DMA_INT2_IRQHandler</name>
         <value>0x32f7</value>
      </symbol>
      <symbol id="sm-25e">
         <name>DMA_INT1_IRQHandler</name>
         <value>0x32f7</value>
      </symbol>
      <symbol id="sm-25f">
         <name>DMA_INT0_IRQHandler</name>
         <value>0x32f7</value>
      </symbol>
      <symbol id="sm-260">
         <name>PORT1_IRQHandler</name>
         <value>0x32f7</value>
      </symbol>
      <symbol id="sm-261">
         <name>PORT2_IRQHandler</name>
         <value>0x32f7</value>
      </symbol>
      <symbol id="sm-262">
         <name>PORT3_IRQHandler</name>
         <value>0x32f7</value>
      </symbol>
      <symbol id="sm-263">
         <name>PORT4_IRQHandler</name>
         <value>0x32f7</value>
      </symbol>
      <symbol id="sm-264">
         <name>PORT5_IRQHandler</name>
         <value>0x32f7</value>
      </symbol>
      <symbol id="sm-265">
         <name>PORT6_IRQHandler</name>
         <value>0x32f7</value>
      </symbol>
   </symbol_table>
   <title>Link successful</title>
</link_info>
